
> usepontox-lp@0.0.0 build
> tsc -b && vite build

[36mvite v7.2.6 [32mbuilding client environment for production...[36m[39m
transforming...
[32mÔ£ô[39m 3 modules transformed.
node.exe : 
[31mÔ£ù[39m Build 
failed in 235ms
No linha:1 
caractere:1
+ & "C:\Program Files
\nodejs/node.exe" 
"C:\Program 
Files\nodejs/node_mo 
...
+ ~~~~~~~~~~~~~~~~~~~
~~~~~~~~~~~~~~~~~~~~~
~~~~~~~~~~~~~~~~~~~~~
~~~~~~~~
    + CategoryInfo   
           : NotSpe  
  cified: ([31mÔ£   
 ù[39m Build fai    
led in 235ms:Str    
ing) [], RemoteE    
xception
    + FullyQualified 
   ErrorId : Native  
  CommandError
 
[31merror during 
build:
[31m[vite:css] 
[postcss] It looks 
like you're trying 
to use `tailwindcss` 
directly as a 
PostCSS plugin. The 
PostCSS plugin has 
moved to a separate 
package, so to 
continue using 
Tailwind CSS with 
PostCSS you'll need 
to install `@tailwind
css/postcss` and 
update your PostCSS 
configuration.[31m
file: [36mC:/Users/l
ucas/Desktop/USEPONTO
X TELA DOS SISTEMAS/s
rc/index.css:undefine
d:NaN[31m
    at at (C:\Users\l
ucas\Desktop\USEPONTO
X TELA DOS SISTEMAS\n
ode_modules\tailwindc
ss\dist\lib.js:38:162
9)
    at 
LazyResult.runOnRoot 
(C:\Users\lucas\Deskt
op\USEPONTOX TELA 
DOS SISTEMAS\node_mod
ules\postcss\lib\lazy
-result.js:361:16)
    at 
LazyResult.runAsync (
C:\Users\lucas\Deskto
p\USEPONTOX TELA DOS 
SISTEMAS\node_modules
\postcss\lib\lazy-res
ult.js:290:26)
    at async 
runPostCSS (file:///C
:/Users/lucas/Desktop
/USEPONTOX%20TELA%20D
OS%20SISTEMAS/node_mo
dules/vite/dist/node/
chunks/config.js:3013
8:19)
    at async 
compilePostCSS (file:
///C:/Users/lucas/Des
ktop/USEPONTOX%20TELA
%20DOS%20SISTEMAS/nod
e_modules/vite/dist/n
ode/chunks/config.js:
30122:6)
    at async 
compileCSS (file:///C
:/Users/lucas/Desktop
/USEPONTOX%20TELA%20D
OS%20SISTEMAS/node_mo
dules/vite/dist/node/
chunks/config.js:3005
2:26)
    at async 
Object.handler (file:
///C:/Users/lucas/Des
ktop/USEPONTOX%20TELA
%20DOS%20SISTEMAS/nod
e_modules/vite/dist/n
ode/chunks/config.js:
29585:54)
    at async 
transform (file:///C:
/Users/lucas/Desktop/
USEPONTOX%20TELA%20DO
S%20SISTEMAS/node_mod
ules/rollup/dist/es/s
hared/node-entry.js:2
1163:16)
    at async ModuleLo
ader.addModuleSource 
(file:///C:/Users/luc
as/Desktop/USEPONTOX%
20TELA%20DOS%20SISTEM
AS/node_modules/rollu
p/dist/es/shared/node
-entry.js:21377:36)[
39m
